#-----------------------------------------------------------
# Vivado v2024.1 (64-bit)
# SW Build 5076996 on Wed May 22 18:36:09 MDT 2024
# IP Build 5075265 on Wed May 22 21:45:21 MDT 2024
# SharedData Build 5076995 on Wed May 22 18:29:18 MDT 2024
# Start of session at: Sun Sep  8 15:04:51 2024
# Process ID: 45089
# Current directory: /home/goossens/goossens-book-ip-projects/2024.1/fetching_ip/project_1.runs/design_1_auto_pc_0_synth_1
# Command line: vivado -log design_1_auto_pc_0.vds -product Vivado -mode batch -messageDb vivado.pb -notrace -source design_1_auto_pc_0.tcl
# Log file: /home/goossens/goossens-book-ip-projects/2024.1/fetching_ip/project_1.runs/design_1_auto_pc_0_synth_1/design_1_auto_pc_0.vds
# Journal file: /home/goossens/goossens-book-ip-projects/2024.1/fetching_ip/project_1.runs/design_1_auto_pc_0_synth_1/vivado.jou
# Running On        :goossens-Precision-5530
# Platform          :Ubuntu
# Operating System  :Ubuntu 22.04.4 LTS
# Processor Detail  :Intel(R) Xeon(R) E-2176M  CPU @ 2.70GHz
# CPU Frequency     :4186.705 MHz
# CPU Physical cores:6
# CPU Logical cores :12
# Host memory       :33276 MB
# Swap memory       :2147 MB
# Total Virtual     :35424 MB
# Available Virtual :27873 MB
#-----------------------------------------------------------
source design_1_auto_pc_0.tcl -notrace
