#-----------------------------------------------------------
# Vivado v2021.2 (64-bit)
# SW Build 3367213 on Tue Oct 19 02:47:39 MDT 2021
# IP Build 3369179 on Thu Oct 21 08:25:16 MDT 2021
# Start of session at: Fri Feb  4 14:57:16 2022
# Process ID: 13937
# Current directory: /home/bernard/book/new_book_ip/multicore_multihart_ip/z1_multicore_multihart_2c_2h_ip.runs/design_1_2c_2h_rst_ps7_0_100M_0_synth_1
# Command line: vivado -log design_1_2c_2h_rst_ps7_0_100M_0.vds -product Vivado -mode batch -messageDb vivado.pb -notrace -source design_1_2c_2h_rst_ps7_0_100M_0.tcl
# Log file: /home/bernard/book/new_book_ip/multicore_multihart_ip/z1_multicore_multihart_2c_2h_ip.runs/design_1_2c_2h_rst_ps7_0_100M_0_synth_1/design_1_2c_2h_rst_ps7_0_100M_0.vds
# Journal file: /home/bernard/book/new_book_ip/multicore_multihart_ip/z1_multicore_multihart_2c_2h_ip.runs/design_1_2c_2h_rst_ps7_0_100M_0_synth_1/vivado.jou
# Running On: bernard-Precision-5530, OS: Linux, CPU Frequency: 3307.663 MHz, CPU Physical cores: 6, Host memory: 33356 MB
#-----------------------------------------------------------
source design_1_2c_2h_rst_ps7_0_100M_0.tcl -notrace
