#-----------------------------------------------------------
# Vivado v2022.1 (64-bit)
# SW Build 3526262 on Mon Apr 18 15:47:01 MDT 2022
# IP Build 3524634 on Mon Apr 18 20:55:01 MDT 2022
# Start of session at: Sat May  7 21:36:09 2022
# Process ID: 22696
# Current directory: /home/bernard/book-2022.1/new_book_ip/multicore_multicycle_ip/z1_multicore_multicycle_2c_ip.runs/design_1_2c_multicycle_pipeline_0_12_synth_1
# Command line: vivado -log design_1_2c_multicycle_pipeline_0_12.vds -product Vivado -mode batch -messageDb vivado.pb -notrace -source design_1_2c_multicycle_pipeline_0_12.tcl
# Log file: /home/bernard/book-2022.1/new_book_ip/multicore_multicycle_ip/z1_multicore_multicycle_2c_ip.runs/design_1_2c_multicycle_pipeline_0_12_synth_1/design_1_2c_multicycle_pipeline_0_12.vds
# Journal file: /home/bernard/book-2022.1/new_book_ip/multicore_multicycle_ip/z1_multicore_multicycle_2c_ip.runs/design_1_2c_multicycle_pipeline_0_12_synth_1/vivado.jou
# Running On: bernard-Precision-5530, OS: Linux, CPU Frequency: 3806.201 MHz, CPU Physical cores: 6, Host memory: 33356 MB
#-----------------------------------------------------------
source design_1_2c_multicycle_pipeline_0_12.tcl -notrace
